可使用下面命令把ipfs内部文件 复制到ipfs unix like 文件目录下
ipfs files cp /ipfs/QmSSXb7Mv8AuhtmEPmiNneFqwWh86YnVqqYK1enHMqBRGA /test/testfile001.txt


使用下面命令可把文件块的 唯一值 显示
[root@ipfsserver01 tmp]# ipfs pin ls    显示所有pin住的块
QmTWfNDgKqgYsXExqCQ9SjJ6FNHBQEQHhn2SHtrhXF23m4 recursive
QmaqLMLrhwCEQTcofqTNr8ahfYeMem4JyprUg46AbVzdWU recursive
Qmcap87Z4y89G5JyYJWCEknUT9uhkhG3MFfKEs5igiGjig indirect
Qme4u9HfFqYUhH4i34ZFBKi1ZsW7z4MYHtLxScQGndhgKE recursive
QmRZxcrMZjLDka2ZraWqjRxsyixW1RXUHbCZ5eDwgFrdGZ indirect
QmSBtFkYkk26WBr4xVdQkogPSndmZgb3UeZWxxpRUPzvKc recursive
[root@ipfsserver01 tmp]# ipfs pin ls QmRZxcrMZjLDka2ZraWqjRxsyixW1RXUHbCZ5eDwgFrdGZ     显示该块的 相关id
QmRZxcrMZjLDka2ZraWqjRxsyixW1RXUHbCZ5eDwgFrdGZ indirect through QmTWfNDgKqgYsXExqCQ9SjJ6FNHBQEQHhn2SHtrhXF23m4
[root@ipfsserver01 tmp]# ipfs get QmTWfNDgKqgYsXExqCQ9SjJ6FNHBQEQHhn2SHtrhXF23m4   获取该块


用集群命令 删除一个 pin文件在集群所有节点
[root@ipfsserver01 tmp]# ipfs-cluster-ctl pin rm Qme1KDW24Y4s3mxTT278S9SbRDM397hw9EguYwLbHRtct1
Qme1KDW24Y4s3mxTT278S9SbRDM397hw9EguYwLbHRtct1 :
    > ipfsserver01    : UNPINNED | 2019-03-14T07:23:50Z
    > ipfsserver05    : UNPINNED | 2019-03-14T07:23:50Z
    > ipfsserver02    : UNPINNED | 2019-03-14T07:23:50Z
    > ipfsserver03    : UNPINNED | 2019-03-14T07:23:50Z
    > ipfsserver04    : UNPINNED | 2019-03-14T07:23:50Z
    
用集群命令 pin 一个文件到集群所有节点
[root@ipfsserver01 tmp]# ipfs-cluster-ctl pin add Qme1KDW24Y4s3mxTT278S9SbRDM397hw9EguYwLbHRtct1
Qme1KDW24Y4s3mxTT278S9SbRDM397hw9EguYwLbHRtct1 :
    > ipfsserver01    : PINNED | 2019-03-14T07:23:56Z
    > ipfsserver05    : PINNED | 2019-03-14T07:23:56Z
    > ipfsserver02    : PINNED | 2019-03-14T07:23:56Z
    > ipfsserver03    : PINNED | 2019-03-14T07:23:56Z
    > ipfsserver04    : PINNED | 2019-03-14T07:23:56Z


-w 以目录方式添加一个文件到 ipfs 网络;  -Q 为只输出目录hash值
[root@ipfsserver03 tmp]# ipfs add -w -Q test22222.txt 
QmW3yXPVfg7MhaRdpCKrXYQRxBNFVgNTbPkj4TazsozpXs
[root@ipfsserver03 tmp]# ipfs ls QmW3yXPVfg7MhaRdpCKrXYQRxBNFVgNTbPkj4TazsozpXs     显示该文件内容
QmPB38V7ex3zTGzd7Djn26nPjX7HGZHpMdXh4QBn1qYBWn 47 test22222.txt
[root@ipfsserver03 tmp]# ipfs get /ipfs/QmW3yXPVfg7MhaRdpCKrXYQRxBNFVgNTbPkj4TazsozpXs/test22222.txt   获取
Saving file(s) to test22222.txt
 47 B / 47 B [==========================================================================================================] 100.00% 0s
 
 
 
 找到最终参考:
 [root@ipfsserver01 tmp]# ipfs pin ls
QmVv1he3eAAtAjtCX2hBKZszNKZBECDCj1nHmvjrQ28C1Q indirect
QmbsdnJNCYYZshcuvSoeeXM5vHRbhvbvgdpqvSzqVDdk18 recursive
[root@ipfsserver01 tmp]# ipfs refs QmbsdnJNCYYZshcuvSoeeXM5vHRbhvbvgdpqvSzqVDdk18
QmVv1he3eAAtAjtCX2hBKZszNKZBECDCj1nHmvjrQ28C1Q
[root@ipfsserver01 tmp]# ipfs cat QmbsdnJNCYYZshcuvSoeeXM5vHRbhvbvgdpqvSzqVDdk18
Error: this dag node is a directory
[root@ipfsserver01 tmp]# ipfs cat QmVv1he3eAAtAjtCX2hBKZszNKZBECDCj1nHmvjrQ28C1Q
testcount1223445667774554
